<html>
<body>
<pre>
<h1>µVision Build Log</h1>
<h2>Tool Versions:</h2>
IDE-Version: ¦ÌVision V5.21.1.0
Copyright (C) 2016 ARM Ltd and ARM Germany GmbH. All rights reserved.
License Information: w admin, w, LIC=65ISZ-J4YEW-74TS0-B1X5Q-FC8LF-K7JIF
 
Tool Versions:
Toolchain:       MDK-ARM Plus  Version: 5.21a
Toolchain Path:  E:\kail\ARM\ARMCC\Bin
C Compiler:      Armcc.exe V5.06 update 3 (build 300)
Assembler:       Armasm.exe V5.06 update 3 (build 300)
Linker/Locator:  ArmLink.exe V5.06 update 3 (build 300)
Library Manager: ArmAr.exe V5.06 update 3 (build 300)
Hex Converter:   FromElf.exe V5.06 update 3 (build 300)
CPU DLL:         SARMCM3.DLL V5.21a
Dialog DLL:      DARMCM1.DLL V1.14.0.0
Target DLL:      Segger\JL2CM3.dll V2.99.23.0
Dialog DLL:      TARMCM1.DLL V1.10.0.0
 
<h2>Project:</h2>
C:\Users\admin\Desktop\E723Boot\kail\E723.uvprojx
Project File Date:  06/30/2022

<h2>Output:</h2>
*** Using Compiler 'V5.06 update 3 (build 300)', folder: 'E:\kail\ARM\ARMCC\Bin'
Rebuild target 'Target 1'
assembling startup_hc32l13x.s...
compiling upgrade..c...
compiling interrupts_hc32l13x.c...
compiling bsp_uart.c...
compiling sysctrl.c...
compiling system_hc32l13x.c...
compiling bsp_time.c...
compiling ddl.c...
compiling bt.c...
compiling flash.c...
compiling main.c...
compiling uart.c...
compiling wdt.c...
compiling gpio.c...
linking...
Program Size: Code=10144 RO-data=352 RW-data=8 ZI-data=2432  
FromELF: creating hex file...
After Build - User command #1: fromelf --bin -o "C:\Users\admin\Desktop\E723Boot\kail\HEX\boot.bin" "C:\Users\admin\Desktop\E723Boot\kail\HEX\boot.axf"
".\HEX\boot.axf" - 0 Error(s), 0 Warning(s).

<h2>Software Packages used:</h2>

Package Vendor: ARM
                http://www.keil.com/pack/ARM.CMSIS.5.0.1.pack
                ARM::CMSIS:CORE:5.0.1
                CMSIS (Cortex Microcontroller Software Interface Standard)
   * Component: CORE Version: 5.0.1

<h2>Collection of Component include folders:</h2>
  C:\Users\admin\Desktop\E723Boot\kail\RTE
  E:\kail\ARM\PACK\ARM\CMSIS\5.0.1\CMSIS\Include
  E:\kail\ARM\PACK\HDSC\HC32L136\1.0.0\Device\Include

<h2>Collection of Component Files used:</h2>

   * Component: ARM::CMSIS:CORE:5.0.1
Build Time Elapsed:  00:00:08
</pre>
</body>
</html>
